2022-02-07,12:36:52:WARNING MainThread:129 - 'NoneType' object is not subscriptable

2022-02-07,12:36:52:ERROR MainThread:3882 - DBUP - PostgreSQL database has no target nodes, deactivating code.

2022-02-07,12:37:00:ERROR MainThread:4165 - Attempting to use a port that is not open

2022-02-07,12:37:23:ERROR MainThread:4008 - MainReset exited unexpectedly, reviving thread...

2022-02-07,12:37:23:ERROR MainThread:4008 - MainHTTPURLConnection exited unexpectedly, reviving thread...

2022-02-07,12:37:23:ERROR MainThread:4008 - MainController exited unexpectedly, reviving thread...

2022-02-07,12:17:17:WARNING MainThread:129 - 'NoneType' object is not subscriptable

2022-02-07,12:17:17:ERROR MainThread:3882 - DBUP - PostgreSQL database has no target nodes, deactivating code.

2022-07-28,10:15:53:WARNING MainThread:129 - 'NoneType' object is not subscriptable

2022-07-28,10:15:53:ERROR MainThread:3882 - DBUP - PostgreSQL database has no target nodes, deactivating code.

2022-07-28,10:16:00:ERROR MainThread:4165 - Attempting to use a port that is not open

2022-07-28,10:17:00:ERROR MainThread:4165 - Attempting to use a port that is not open

2022-07-28,10:18:00:ERROR MainThread:4165 - Attempting to use a port that is not open

2022-07-28,10:19:00:ERROR MainThread:4165 - Attempting to use a port that is not open

2022-07-28,10:20:00:ERROR MainThread:4165 - Attempting to use a port that is not open

2022-07-28,10:21:00:ERROR MainThread:4165 - Attempting to use a port that is not open

2022-07-28,10:22:00:ERROR MainThread:4165 - Attempting to use a port that is not open

2022-07-28,10:23:00:ERROR MainThread:4165 - Attempting to use a port that is not open

2022-07-28,10:23:48:WARNING MainThread:129 - 'NoneType' object is not subscriptable

2022-07-28,10:23:48:ERROR MainThread:3882 - DBUP - PostgreSQL database has no target nodes, deactivating code.

2022-07-28,10:24:00:ERROR MainThread:4165 - Attempting to use a port that is not open

2022-07-28,10:25:00:ERROR MainThread:4165 - Attempting to use a port that is not open

2022-07-28,10:26:00:ERROR MainThread:4165 - Attempting to use a port that is not open

2022-07-28,10:27:00:ERROR MainThread:4165 - Attempting to use a port that is not open

2022-07-28,10:28:00:ERROR MainThread:4165 - Attempting to use a port that is not open

2022-07-28,10:28:21:WARNING MainThread:129 - 'NoneType' object is not subscriptable

2022-07-28,10:28:21:ERROR MainThread:3882 - DBUP - PostgreSQL database has no target nodes, deactivating code.

2022-07-28,10:29:00:ERROR MainThread:4165 - Attempting to use a port that is not open

2022-07-28,10:30:00:ERROR MainThread:4165 - Attempting to use a port that is not open

2022-07-28,10:31:00:ERROR MainThread:4165 - Attempting to use a port that is not open

2022-07-28,10:32:00:ERROR MainThread:4165 - Attempting to use a port that is not open

2022-07-28,10:33:00:ERROR MainThread:4165 - Attempting to use a port that is not open

2022-07-28,10:34:00:ERROR MainThread:4165 - Attempting to use a port that is not open

2022-07-28,10:35:00:ERROR MainThread:4165 - Attempting to use a port that is not open

2022-07-28,10:36:00:ERROR MainThread:4165 - Attempting to use a port that is not open

2022-07-28,10:37:00:ERROR MainThread:4165 - Attempting to use a port that is not open

2022-07-28,10:38:00:ERROR MainThread:4165 - Attempting to use a port that is not open

2022-07-28,10:39:00:ERROR MainThread:4165 - Attempting to use a port that is not open

2022-07-28,10:40:00:ERROR MainThread:4165 - Attempting to use a port that is not open

2022-07-28,10:41:00:ERROR MainThread:4165 - Attempting to use a port that is not open

2022-07-28,10:42:06:WARNING MainThread:129 - 'NoneType' object is not subscriptable

2022-07-28,10:42:06:ERROR MainThread:3882 - DBUP - PostgreSQL database has no target nodes, deactivating code.

2024-06-28,10:31:43:WARNING MainThread:129 - 'NoneType' object is not subscriptable

2024-06-28,10:31:43:ERROR MainThread:3882 - DBUP - PostgreSQL database has no target nodes, deactivating code.

2024-06-28,10:32:00:ERROR MainThread:4165 - Attempting to use a port that is not open

2024-06-28,10:31:42:WARNING MainThread:129 - 'NoneType' object is not subscriptable

2024-06-28,10:31:42:ERROR MainThread:3882 - DBUP - PostgreSQL database has no target nodes, deactivating code.

2024-06-28,10:32:00:ERROR MainThread:4165 - Attempting to use a port that is not open

2024-06-28,10:33:00:ERROR MainThread:4165 - Attempting to use a port that is not open

2024-06-28,10:31:40:WARNING MainThread:129 - 'NoneType' object is not subscriptable

2024-06-28,10:31:40:ERROR MainThread:3882 - DBUP - PostgreSQL database has no target nodes, deactivating code.

2024-06-28,10:32:00:ERROR MainThread:4165 - Attempting to use a port that is not open

2024-06-28,10:33:00:ERROR MainThread:4165 - Attempting to use a port that is not open

2024-06-28,10:34:00:ERROR MainThread:4165 - Attempting to use a port that is not open

2024-06-28,10:35:00:ERROR MainThread:4165 - Attempting to use a port that is not open

2024-06-28,10:36:00:ERROR MainThread:4165 - Attempting to use a port that is not open

2024-06-28,10:37:00:ERROR MainThread:4165 - Attempting to use a port that is not open

2024-06-28,10:38:00:ERROR MainThread:4165 - Attempting to use a port that is not open

2024-06-28,10:39:00:ERROR MainThread:4165 - Attempting to use a port that is not open

2024-06-28,10:40:00:ERROR MainThread:4165 - Attempting to use a port that is not open

2024-06-28,10:41:00:ERROR MainThread:4165 - Attempting to use a port that is not open

2024-06-28,10:41:23:WARNING MainThread:129 - 'NoneType' object is not subscriptable

2024-06-28,10:41:23:ERROR MainThread:3882 - DBUP - PostgreSQL database has no target nodes, deactivating code.

2024-06-28,10:42:00:ERROR MainThread:4165 - Attempting to use a port that is not open

2024-06-28,10:43:00:ERROR MainThread:4165 - Attempting to use a port that is not open

2024-06-28,10:44:00:ERROR MainThread:4165 - Attempting to use a port that is not open

2024-06-28,10:45:00:ERROR MainThread:4165 - Attempting to use a port that is not open

2024-06-28,10:46:00:ERROR MainThread:4165 - Attempting to use a port that is not open

2024-06-28,10:47:00:ERROR MainThread:4165 - Attempting to use a port that is not open

2024-06-28,10:48:00:ERROR MainThread:4165 - Attempting to use a port that is not open

2024-06-28,10:49:00:ERROR MainThread:4165 - Attempting to use a port that is not open

2024-06-28,10:50:00:ERROR MainThread:4165 - Attempting to use a port that is not open

2024-06-28,10:51:00:ERROR MainThread:4165 - Attempting to use a port that is not open

2024-06-28,10:52:00:WARNING MainThread:129 - 'NoneType' object is not subscriptable

2024-06-28,10:52:00:ERROR MainThread:3882 - DBUP - PostgreSQL database has no target nodes, deactivating code.

2024-06-28,10:52:00:ERROR MainThread:4165 - Attempting to use a port that is not open

2024-06-28,10:53:00:ERROR MainThread:4165 - Attempting to use a port that is not open

2024-06-28,10:54:00:ERROR MainThread:4165 - Attempting to use a port that is not open

2024-06-28,10:55:00:ERROR MainThread:4165 - Attempting to use a port that is not open

2024-06-28,10:56:00:ERROR MainThread:4165 - Attempting to use a port that is not open

2024-06-28,10:51:57:WARNING MainThread:129 - 'NoneType' object is not subscriptable

2024-06-28,10:51:57:ERROR MainThread:3882 - DBUP - PostgreSQL database has no target nodes, deactivating code.

2024-06-28,10:52:00:ERROR MainThread:4165 - Attempting to use a port that is not open

2024-06-28,10:53:00:ERROR MainThread:4165 - Attempting to use a port that is not open

2024-06-28,10:54:00:ERROR MainThread:4165 - Attempting to use a port that is not open

2024-06-28,10:55:00:ERROR MainThread:4165 - Attempting to use a port that is not open

2024-06-28,10:56:00:ERROR MainThread:4165 - Attempting to use a port that is not open

2024-06-28,10:57:00:ERROR MainThread:4165 - Attempting to use a port that is not open

2024-06-28,10:58:00:ERROR MainThread:4165 - Attempting to use a port that is not open

2024-06-28,10:59:00:ERROR MainThread:4165 - Attempting to use a port that is not open

2024-06-28,11:00:00:ERROR MainThread:4165 - Attempting to use a port that is not open

2024-06-28,11:01:00:ERROR MainThread:4165 - Attempting to use a port that is not open

2024-06-28,11:02:00:ERROR MainThread:4165 - Attempting to use a port that is not open

2024-06-28,11:03:00:ERROR MainThread:4165 - Attempting to use a port that is not open

2024-06-28,11:04:00:ERROR MainThread:4165 - Attempting to use a port that is not open

2024-06-28,11:05:00:ERROR MainThread:4165 - Attempting to use a port that is not open

2024-06-28,11:06:00:ERROR MainThread:4165 - Attempting to use a port that is not open

2024-06-28,11:07:00:ERROR MainThread:4165 - Attempting to use a port that is not open

2024-06-28,11:08:00:ERROR MainThread:4165 - Attempting to use a port that is not open

2024-06-28,11:09:00:ERROR MainThread:4165 - Attempting to use a port that is not open

2024-06-28,10:51:57:WARNING MainThread:129 - 'NoneType' object is not subscriptable

2024-06-28,10:51:57:ERROR MainThread:3882 - DBUP - PostgreSQL database has no target nodes, deactivating code.

2024-06-28,10:52:00:ERROR MainThread:4165 - Attempting to use a port that is not open

2024-06-28,10:51:57:WARNING MainThread:129 - 'NoneType' object is not subscriptable

2024-06-28,10:51:57:ERROR MainThread:3882 - DBUP - PostgreSQL database has no target nodes, deactivating code.

2024-06-28,10:52:00:ERROR MainThread:4165 - Attempting to use a port that is not open

2024-06-28,10:53:00:ERROR MainThread:4165 - Attempting to use a port that is not open

2024-06-28,10:54:00:ERROR MainThread:4165 - Attempting to use a port that is not open

2024-06-28,10:55:00:ERROR MainThread:4165 - Attempting to use a port that is not open

2024-06-28,10:56:00:ERROR MainThread:4165 - Attempting to use a port that is not open

2024-06-28,10:57:00:ERROR MainThread:4165 - Attempting to use a port that is not open

2024-06-28,10:58:00:ERROR MainThread:4165 - Attempting to use a port that is not open

2024-06-28,10:59:00:ERROR MainThread:4165 - Attempting to use a port that is not open

2024-06-28,11:00:00:ERROR MainThread:4165 - Attempting to use a port that is not open

2024-06-28,11:01:00:ERROR MainThread:4165 - Attempting to use a port that is not open

2024-06-28,11:02:00:ERROR MainThread:4165 - Attempting to use a port that is not open

2024-06-28,11:03:00:ERROR MainThread:4165 - Attempting to use a port that is not open

2024-06-28,11:04:00:ERROR MainThread:4165 - Attempting to use a port that is not open

2024-06-28,11:05:00:ERROR MainThread:4165 - Attempting to use a port that is not open

2024-06-28,11:06:00:ERROR MainThread:4165 - Attempting to use a port that is not open

2024-06-28,11:07:00:ERROR MainThread:4165 - Attempting to use a port that is not open

2024-06-28,11:08:00:ERROR MainThread:4165 - Attempting to use a port that is not open

2024-06-28,11:09:00:ERROR MainThread:4165 - Attempting to use a port that is not open

2024-06-28,11:10:00:ERROR MainThread:4165 - Attempting to use a port that is not open

2024-06-28,11:11:00:ERROR MainThread:4165 - Attempting to use a port that is not open

2024-06-28,11:12:00:ERROR MainThread:4165 - Attempting to use a port that is not open

2024-06-28,11:13:00:ERROR MainThread:4165 - Attempting to use a port that is not open

2024-06-28,11:14:00:ERROR MainThread:4165 - Attempting to use a port that is not open

2024-06-28,11:15:00:ERROR MainThread:4165 - Attempting to use a port that is not open

2024-06-28,11:16:00:ERROR MainThread:4165 - Attempting to use a port that is not open

2024-06-28,11:17:00:ERROR MainThread:4165 - Attempting to use a port that is not open

2024-06-28,11:18:00:ERROR MainThread:4165 - Attempting to use a port that is not open

2024-06-28,11:19:00:ERROR MainThread:4165 - Attempting to use a port that is not open

2024-06-28,11:20:00:ERROR MainThread:4165 - Attempting to use a port that is not open

2024-06-28,11:21:00:ERROR MainThread:4165 - Attempting to use a port that is not open

2024-06-28,11:22:00:ERROR MainThread:4165 - Attempting to use a port that is not open

2024-06-28,11:23:00:ERROR MainThread:4165 - Attempting to use a port that is not open

2024-06-28,11:24:00:ERROR MainThread:4165 - Attempting to use a port that is not open

2024-06-28,11:25:00:ERROR MainThread:4165 - Attempting to use a port that is not open

2024-06-28,11:26:00:ERROR MainThread:4165 - Attempting to use a port that is not open

2024-06-28,11:27:00:ERROR MainThread:4165 - Attempting to use a port that is not open

2024-06-28,11:28:00:ERROR MainThread:4165 - Attempting to use a port that is not open

2024-06-28,11:29:00:ERROR MainThread:4165 - Attempting to use a port that is not open

2024-06-28,11:30:00:ERROR MainThread:4165 - Attempting to use a port that is not open

2024-06-28,11:31:00:ERROR MainThread:4165 - Attempting to use a port that is not open

2024-06-28,11:32:00:ERROR MainThread:4165 - Attempting to use a port that is not open

2024-06-28,11:33:00:ERROR MainThread:4165 - Attempting to use a port that is not open

2024-06-28,11:34:00:ERROR MainThread:4165 - Attempting to use a port that is not open

2024-06-28,11:35:00:ERROR MainThread:4165 - Attempting to use a port that is not open

2024-06-28,11:36:00:ERROR MainThread:4165 - Attempting to use a port that is not open

2024-06-28,11:37:00:ERROR MainThread:4165 - Attempting to use a port that is not open

2024-06-28,11:38:00:ERROR MainThread:4165 - Attempting to use a port that is not open

2024-06-28,11:39:00:ERROR MainThread:4165 - Attempting to use a port that is not open

2024-06-28,11:40:00:ERROR MainThread:4165 - Attempting to use a port that is not open

2024-06-28,11:41:00:ERROR MainThread:4165 - Attempting to use a port that is not open

2024-06-28,11:42:00:ERROR MainThread:4165 - Attempting to use a port that is not open

2024-06-28,11:43:00:ERROR MainThread:4165 - Attempting to use a port that is not open

2024-06-28,11:44:00:ERROR MainThread:4165 - Attempting to use a port that is not open

2024-06-28,11:45:00:ERROR MainThread:4165 - Attempting to use a port that is not open

2024-06-28,11:46:00:ERROR MainThread:4165 - Attempting to use a port that is not open

2024-06-28,11:47:00:ERROR MainThread:4165 - Attempting to use a port that is not open

2024-06-28,11:48:00:ERROR MainThread:4165 - Attempting to use a port that is not open

2024-06-28,11:49:00:ERROR MainThread:4165 - Attempting to use a port that is not open

2024-06-28,11:50:00:ERROR MainThread:4165 - Attempting to use a port that is not open

2024-06-28,11:51:00:ERROR MainThread:4165 - Attempting to use a port that is not open

2025-10-09,15:48:56:WARNING MainThread:129 - 'NoneType' object is not subscriptable

2025-10-09,15:48:56:ERROR MainThread:3882 - DBUP - PostgreSQL database has no target nodes, deactivating code.

2025-10-09,15:49:00:ERROR MainThread:4165 - Attempting to use a port that is not open

2025-10-09,15:50:00:ERROR MainThread:4165 - Attempting to use a port that is not open

2025-10-09,15:51:00:ERROR MainThread:4165 - Attempting to use a port that is not open

2025-10-09,15:52:00:ERROR MainThread:4165 - Attempting to use a port that is not open

2025-10-09,15:53:00:ERROR MainThread:4165 - Attempting to use a port that is not open

2025-10-09,15:54:00:ERROR MainThread:4165 - Attempting to use a port that is not open

2025-10-09,15:54:43:WARNING MainThread:129 - 'NoneType' object is not subscriptable

2025-10-09,15:54:43:ERROR MainThread:3882 - DBUP - PostgreSQL database has no target nodes, deactivating code.

2025-10-09,15:55:00:ERROR MainThread:4165 - Attempting to use a port that is not open

2025-10-09,15:56:00:ERROR MainThread:4165 - Attempting to use a port that is not open

2025-10-09,15:57:00:ERROR MainThread:4165 - Attempting to use a port that is not open

2026-04-27,17:19:54:WARNING MainThread:129 - 'NoneType' object is not subscriptable

2026-04-27,17:19:54:ERROR MainThread:3882 - DBUP - PostgreSQL database has no target nodes, deactivating code.

2026-04-27,17:20:00:ERROR MainThread:4165 - Attempting to use a port that is not open

2026-04-27,17:21:00:ERROR MainThread:4165 - Attempting to use a port that is not open

2026-04-27,17:22:00:ERROR MainThread:4165 - Attempting to use a port that is not open

2026-04-27,17:23:00:ERROR MainThread:4165 - Attempting to use a port that is not open

2026-04-27,17:24:00:ERROR MainThread:4165 - Attempting to use a port that is not open

2026-04-27,17:25:00:ERROR MainThread:4165 - Attempting to use a port that is not open

2026-04-27,17:26:00:ERROR MainThread:4165 - Attempting to use a port that is not open

2026-04-27,17:27:00:ERROR MainThread:4165 - Attempting to use a port that is not open

2026-04-27,17:28:00:ERROR MainThread:4165 - Attempting to use a port that is not open

2026-04-27,17:29:00:ERROR MainThread:4165 - Attempting to use a port that is not open

2026-04-27,17:30:00:ERROR MainThread:4165 - Attempting to use a port that is not open

2026-04-27,17:31:00:ERROR MainThread:4165 - Attempting to use a port that is not open

2026-04-27,17:32:00:ERROR MainThread:4165 - Attempting to use a port that is not open

2026-04-27,17:33:00:ERROR MainThread:4165 - Attempting to use a port that is not open

2026-04-27,17:33:21:WARNING MainThread:129 - 'NoneType' object is not subscriptable

2026-04-27,17:33:21:ERROR MainThread:3882 - DBUP - PostgreSQL database has no target nodes, deactivating code.

2026-04-27,17:34:00:ERROR MainThread:4165 - Attempting to use a port that is not open

2026-04-27,17:35:00:ERROR MainThread:4165 - Attempting to use a port that is not open

2026-04-27,17:36:00:ERROR MainThread:4165 - Attempting to use a port that is not open

2026-04-27,17:37:00:ERROR MainThread:4165 - Attempting to use a port that is not open

2026-04-27,17:38:00:ERROR MainThread:4165 - Attempting to use a port that is not open

2026-04-27,17:39:00:ERROR MainThread:4165 - Attempting to use a port that is not open

2026-04-27,17:40:00:ERROR MainThread:4165 - Attempting to use a port that is not open

2026-04-27,17:41:00:ERROR MainThread:4165 - Attempting to use a port that is not open

2026-04-27,17:42:00:ERROR MainThread:4165 - Attempting to use a port that is not open

2026-04-27,17:43:00:ERROR MainThread:4165 - Attempting to use a port that is not open

2026-04-27,17:44:00:ERROR MainThread:4165 - Attempting to use a port that is not open

2026-04-27,17:45:00:ERROR MainThread:4165 - Attempting to use a port that is not open

2026-04-27,17:46:00:ERROR MainThread:4165 - Attempting to use a port that is not open

2026-04-27,17:47:00:ERROR MainThread:4165 - Attempting to use a port that is not open

2026-04-27,17:48:00:ERROR MainThread:4165 - Attempting to use a port that is not open

2026-04-27,17:49:00:ERROR MainThread:4165 - Attempting to use a port that is not open

2026-04-27,17:50:00:ERROR MainThread:4165 - Attempting to use a port that is not open

2026-04-27,17:51:00:ERROR MainThread:4165 - Attempting to use a port that is not open

2026-04-27,17:52:00:ERROR MainThread:4165 - Attempting to use a port that is not open

2026-04-27,17:53:00:ERROR MainThread:4165 - Attempting to use a port that is not open

2026-04-27,17:54:00:ERROR MainThread:4165 - Attempting to use a port that is not open

2026-04-27,17:55:00:ERROR MainThread:4165 - Attempting to use a port that is not open

2026-04-27,17:56:00:ERROR MainThread:4165 - Attempting to use a port that is not open

2026-04-27,17:57:00:ERROR MainThread:4165 - Attempting to use a port that is not open

2026-04-27,17:58:00:ERROR MainThread:4165 - Attempting to use a port that is not open

2026-04-27,17:59:00:ERROR MainThread:4165 - Attempting to use a port that is not open

2026-04-27,18:00:00:ERROR MainThread:4165 - Attempting to use a port that is not open

2026-04-27,18:01:00:ERROR MainThread:4165 - Attempting to use a port that is not open

2026-04-27,18:02:00:ERROR MainThread:4165 - Attempting to use a port that is not open

2026-04-27,18:03:00:ERROR MainThread:4165 - Attempting to use a port that is not open

2026-04-27,18:04:00:ERROR MainThread:4165 - Attempting to use a port that is not open

2026-04-27,18:05:00:ERROR MainThread:4165 - Attempting to use a port that is not open

2026-04-27,18:06:00:ERROR MainThread:4165 - Attempting to use a port that is not open

2026-04-27,18:07:00:ERROR MainThread:4165 - Attempting to use a port that is not open

2026-04-27,18:08:00:ERROR MainThread:4165 - Attempting to use a port that is not open

2026-04-27,18:09:00:ERROR MainThread:4165 - Attempting to use a port that is not open

2026-04-27,18:10:00:ERROR MainThread:4165 - Attempting to use a port that is not open

2026-04-27,18:11:00:ERROR MainThread:4165 - Attempting to use a port that is not open

2026-04-27,18:12:00:ERROR MainThread:4165 - Attempting to use a port that is not open

2026-04-27,18:13:00:ERROR MainThread:4165 - Attempting to use a port that is not open

2026-04-27,18:14:00:ERROR MainThread:4165 - Attempting to use a port that is not open

2026-04-27,18:15:00:ERROR MainThread:4165 - Attempting to use a port that is not open

2026-04-27,18:16:00:ERROR MainThread:4165 - Attempting to use a port that is not open

2026-04-27,18:16:49:WARNING MainThread:129 - 'NoneType' object is not subscriptable

2026-04-27,18:16:49:ERROR MainThread:3882 - DBUP - PostgreSQL database has no target nodes, deactivating code.

2026-04-27,18:17:00:ERROR MainThread:4165 - Attempting to use a port that is not open

2026-04-27,18:18:00:ERROR MainThread:4165 - Attempting to use a port that is not open

2026-04-27,18:19:00:ERROR MainThread:4165 - Attempting to use a port that is not open

2026-04-27,18:20:00:ERROR MainThread:4165 - Attempting to use a port that is not open

2026-04-27,18:21:00:ERROR MainThread:4165 - Attempting to use a port that is not open

2026-04-27,18:21:16:WARNING MainThread:129 - 'NoneType' object is not subscriptable

2026-04-27,18:21:16:ERROR MainThread:3882 - DBUP - PostgreSQL database has no target nodes, deactivating code.

2026-04-27,18:22:00:ERROR MainThread:4165 - Attempting to use a port that is not open

2026-04-27,18:23:00:ERROR MainThread:4165 - Attempting to use a port that is not open

2026-04-27,18:24:00:ERROR MainThread:4165 - Attempting to use a port that is not open

2026-04-27,18:25:00:ERROR MainThread:4165 - Attempting to use a port that is not open

2026-04-27,18:26:00:ERROR MainThread:4165 - Attempting to use a port that is not open

2026-04-27,18:27:00:ERROR MainThread:4165 - Attempting to use a port that is not open

2026-04-27,18:28:00:ERROR MainThread:4165 - Attempting to use a port that is not open

2026-04-27,18:29:00:ERROR MainThread:4165 - Attempting to use a port that is not open

2026-04-27,18:30:00:ERROR MainThread:4165 - Attempting to use a port that is not open

2026-04-27,18:31:00:ERROR MainThread:4165 - Attempting to use a port that is not open

2026-04-27,18:32:00:ERROR MainThread:4165 - Attempting to use a port that is not open

2026-04-27,18:33:00:ERROR MainThread:4165 - Attempting to use a port that is not open

2026-04-27,18:34:00:ERROR MainThread:4165 - Attempting to use a port that is not open

2026-04-27,18:35:00:ERROR MainThread:4165 - Attempting to use a port that is not open

2026-04-27,18:36:00:ERROR MainThread:4165 - Attempting to use a port that is not open

2026-04-27,18:37:00:ERROR MainThread:4165 - Attempting to use a port that is not open

2026-04-27,18:38:00:ERROR MainThread:4165 - Attempting to use a port that is not open

2026-04-27,18:39:00:ERROR MainThread:4165 - Attempting to use a port that is not open

2026-04-27,18:40:00:ERROR MainThread:4165 - Attempting to use a port that is not open

2026-04-27,18:41:00:ERROR MainThread:4165 - Attempting to use a port that is not open

2026-04-27,18:42:00:ERROR MainThread:4165 - Attempting to use a port that is not open

2026-04-27,18:43:16:WARNING MainThread:129 - 'NoneType' object is not subscriptable

2026-04-27,18:43:16:ERROR MainThread:3882 - DBUP - PostgreSQL database has no target nodes, deactivating code.

2026-04-27,18:44:00:ERROR MainThread:4165 - Attempting to use a port that is not open

2026-04-27,18:45:00:ERROR MainThread:4165 - Attempting to use a port that is not open

2026-04-27,18:46:00:ERROR MainThread:4165 - Attempting to use a port that is not open

2026-04-27,18:47:00:ERROR MainThread:4165 - Attempting to use a port that is not open

2026-08-19,09:01:21:WARNING MainThread:129 - 'NoneType' object is not subscriptable

2026-08-19,09:01:21:ERROR MainThread:3882 - DBUP - PostgreSQL database has no target nodes, deactivating code.

2026-08-19,09:55:00:ERROR MainThread:4165 - Attempting to use a port that is not open

2026-08-19,09:56:00:ERROR MainThread:4165 - Attempting to use a port that is not open

2026-08-19,09:57:00:ERROR MainThread:4165 - Attempting to use a port that is not open

2026-08-19,09:58:00:ERROR MainThread:4165 - Attempting to use a port that is not open

2026-08-19,09:59:00:ERROR MainThread:4165 - Attempting to use a port that is not open

2026-08-19,10:00:00:ERROR MainThread:4165 - Attempting to use a port that is not open

2026-08-19,10:01:00:ERROR MainThread:4165 - Attempting to use a port that is not open

2026-08-21,15:15:13:ERROR MainThread:421 - DBUP - PostgreSQL database cannot be accessed while updating GW nodes.

2026-08-21,15:15:13:WARNING MainThread:83 - cannot access local variable 'connection' where it is not associated with a value

2026-08-21,15:15:13:ERROR MainThread:183 - DBUP - PostgreSQL database has no target nodes, deactivating code.

2026-08-21,15:16:00:ERROR MainThread:466 - Attempting to use a port that is not open

2026-08-21,15:17:00:ERROR MainThread:466 - Attempting to use a port that is not open

2026-08-21,15:18:00:ERROR MainThread:466 - Attempting to use a port that is not open

2026-08-21,15:19:00:ERROR MainThread:466 - Attempting to use a port that is not open

